Microsoft (R) Macro Assembler Version 6.11		    10/07/22 17:17:32
tempfile.asm						     Page 1 - 1


 0000				DATAS SEGMENT
 0000 65 32				A DB 65H,32H 
					;A DB 12H,45H,0F3H,6AH,20H,0FEH,90H,0C8H,57H,34H;数据
 = 0002					num equ 2 ;数据个数
 0002 00				sum DB ? ;预留结果存放处
				    ;此处输入数据段代码  
 0003				DATAS ENDS

 0000				STACKS SEGMENT
				    ;此处输入堆栈段代码
 0000				STACKS ENDS

 0000				CODES SEGMENT
				    ASSUME CS:CODES,DS:DATAS,SS:STACKS
 0000				START:
 0000  33 F6				XOR SI,SI;位移量清零
 0002  32 C0				XOR AL,AL;取第一个数
 0004  B9 0002			    MOV CX,num;累加次数
 0007  02 84 0000 R		again:ADD AL,A[SI]; 累加
 000B  46				INC SI ;指向下一个数
 000C  E2 F9			Loop again;CX未到0，继续累加
 000E  A2 0002 R			MOV sum,AL;存结果
				    ;此处输入代码段代码
 0011  B4 02			    MOV AH,02
 0013  CD 21			    INT 21H
 0015				CODES ENDS
				    END START






Microsoft (R) Macro Assembler Version 6.11		    10/07/22 17:17:32
tempfile.asm						     Symbols 2 - 1




Segments and Groups:

                N a m e                 Size     Length   Align   Combine Class

CODES  . . . . . . . . . . . . .	16 Bit	 0015	  Para	  Private 
DATAS  . . . . . . . . . . . . .	16 Bit	 0003	  Para	  Private 
STACKS . . . . . . . . . . . . .	16 Bit	 0000	  Para	  Private 


Symbols:

                N a m e                 Type     Value    Attr

A  . . . . . . . . . . . . . . .	Byte	 0000	  DATAS	
START  . . . . . . . . . . . . .	L Near	 0000	  CODES	
again  . . . . . . . . . . . . .	L Near	 0007	  CODES	
num  . . . . . . . . . . . . . .	Number	 0002h	 
sum  . . . . . . . . . . . . . .	Byte	 0002	  DATAS	

	   0 Warnings
	   0 Errors
