Microsoft (R) Macro Assembler Version 6.11		    10/10/22 17:26:00
tempfile.asm						     Page 1 - 1


 0000				DATAS SEGMENT
 0000 0123				A DW 0123H
				    ;此处输入数据段代码  
 0002				DATAS ENDS

 0000				STACKS SEGMENT
				    ;此处输入堆栈段代码
 0000				STACKS ENDS

 0000				CODES SEGMENT
				    ASSUME CS:CODES,DS:DATAS,SS:STACKS
 0000				START:
 0000  B8 ---- R		    MOV AX,DATAS
 0003  8E D8			    MOV DS,AX
 0005  A1 0000 R		    MOV AX,A
 0008  8A D8			    MOV BL, AL
 000A  24 0F			    and AL,0fH ;屏蔽高4位,给AL 0-3
				    
 000C  B1 04			    MOV CL,4
 000E  D2 EB			    shr BL,CL ;BL右移放高4位 4-7
				    
 0010  8A D4			    MOV DL,AH
 0012  80 E2 F0			    and DL,0F0H ;DL 15-12,放高4位,右移
 0015  B1 04			    MOV cl,4
 0017  D2 EA			    shr DL,CL
				    
 0019  8A CC			    MOV CL,AH
 001B  B1 0F			    mov CL,0FH ;CL右移放高4位 8-11
				    
				    
				    ;此处输入代码段代码
 001D  B4 4C			    MOV AH,4CH
 001F  CD 21			    INT 21H
 0021				CODES ENDS
				    END START
Microsoft (R) Macro Assembler Version 6.11		    10/10/22 17:26:00
tempfile.asm						     Symbols 2 - 1




Segments and Groups:

                N a m e                 Size     Length   Align   Combine Class

CODES  . . . . . . . . . . . . .	16 Bit	 0021	  Para	  Private 
DATAS  . . . . . . . . . . . . .	16 Bit	 0002	  Para	  Private 
STACKS . . . . . . . . . . . . .	16 Bit	 0000	  Para	  Private 


Symbols:

                N a m e                 Type     Value    Attr

A  . . . . . . . . . . . . . . .	Word	 0000	  DATAS	
START  . . . . . . . . . . . . .	L Near	 0000	  CODES	

	   0 Warnings
	   0 Errors
