Microsoft (R) Macro Assembler Version 6.11		    10/10/22 19:24:45
tempfile.asm						     Page 1 - 1


 0000				DATA SEGMENT
 0000				DATA ENDS 

 0000				STACK SEGMENT
 0000				STACK ENDS    

 0000				CODE SEGMENT
				ASSUME CS:CODE,DS:DATA,SS:STACK
 0000				START: 
 0000  B4 01			    MOV AH,1  ;键盘输入字符自动存入AL中
 0002  CD 21			    INT 21H    ;int中断
 0004  2C 20			    SUB AL,32  ; 小写变大写
 0006  8A D0			    MOV DL,AL   ;赋值给DX
 0008  B4 02			    MOV AH,2   ;显示输出  DL=输出字符
 000A  CD 21			    INT 21H    ;int中断
 000C  B4 4C			    MOV AH,4CH  ;带返回码结束,AL=返回码
 000E  CD 21			    INT 21H
 0010				CODE ENDS
				END START

Microsoft (R) Macro Assembler Version 6.11		    10/10/22 19:24:45
tempfile.asm						     Symbols 2 - 1




Segments and Groups:

                N a m e                 Size     Length   Align   Combine Class

CODE . . . . . . . . . . . . . .	16 Bit	 0010	  Para	  Private 
DATA . . . . . . . . . . . . . .	16 Bit	 0000	  Para	  Private 
STACK  . . . . . . . . . . . . .	16 Bit	 0000	  Para	  Private 


Symbols:

                N a m e                 Type     Value    Attr

START  . . . . . . . . . . . . .	L Near	 0000	  CODE	

	   0 Warnings
	   0 Errors
