Microsoft (R) Macro Assembler Version 6.11		    10/26/22 20:00:02
tempfile.asm						     Page 1 - 1


 0000				DATAS SEGMENT
 0000 31 32 33 34 0D 0A		    string DB '1234',13,10,'$'
       24
 0007				DATAS ENDS

 0000				STACKS SEGMENT
				    ;此处输入堆栈段代码
 0000				STACKS ENDS

 0000				CODES SEGMENT
				    ASSUME CS:CODES,DS:DATAS,SS:STACKS
 0000				START:
 0000  B8 ---- R		    MOV AX,DATAS
 0003  8E D8			    MOV DS,AX
				    
 0005  8D 1E 0000 R		    LEA BX,string
 0009  BA 0000			    MOV DX,00H
 000C  8B 17			    MOV DX,[BX] ;第一位
 000E  B1 04			    MOV CL,4H
 0010  D3 E2			    SHL DX,CL ;z左移4位
				    
 0012  8B 47 01			    MOV AX,[BX+1]
 0015  83 E0 0F			    AND AX,000FH
 0018  03 D0			    ADD DX,AX ;第2位
 001A  B1 04			    MOV CL,04H
 001C  D3 E2			    SHL DX,CL ;z左移4位
				    
 001E  8B 47 02			    MOV AX,[BX+2]
 0021  83 E0 0F			    AND AX,000FH
 0024  03 D0			    ADD DX,AX ;第3位
 0026  B1 04			    MOV CL,04H
 0028  D3 E2			    SHL DX,CL ;z左移4位
				    
 002A  8B 47 03			    MOV AX,[BX+3]
 002D  83 E0 0F			    AND AX,000FH
 0030  03 D0			    ADD DX,AX ;第3位
 0032  B1 04			    MOV CL,04H
				    
				    
 0034  B4 4C			    MOV AH,4CH
 0036  CD 21			    INT 21H
 0038				CODES ENDS
				    END START

Microsoft (R) Macro Assembler Version 6.11		    10/26/22 20:00:02
tempfile.asm						     Symbols 2 - 1




Segments and Groups:

                N a m e                 Size     Length   Align   Combine Class

CODES  . . . . . . . . . . . . .	16 Bit	 0038	  Para	  Private 
DATAS  . . . . . . . . . . . . .	16 Bit	 0007	  Para	  Private 
STACKS . . . . . . . . . . . . .	16 Bit	 0000	  Para	  Private 


Symbols:

                N a m e                 Type     Value    Attr

START  . . . . . . . . . . . . .	L Near	 0000	  CODES	
string . . . . . . . . . . . . .	Byte	 0000	  DATAS	

	   0 Warnings
	   0 Errors
