Microsoft (R) Macro Assembler Version 6.11		    10/31/22 11:01:19
tempfile.asm						     Page 1 - 1


 0000				DATAS SEGMENT
 = 0014					COUNT EQU 20
 0000 0001 0002 0003 0004		ARRAY DW 1,2,3,4,5,6,7,8,9,-1,-2,-3,-4,-5,-6-7,-8,-9,10,-10 ;存放数组
       0005 0006 0007
       0008 0009 FFFF
       FFFE FFFD FFFC
       FFFB FFF3 FFF8
       FFF7 000A FFF6
 0026 00				COUNT1 DB 0 ;存放正数的个数
 0027  0014 [				ARRAY1 DW 20 DUP (?) ;存放正数
        0000
       ]
 004F 00				COUNT2 DB 0 ;存放负数的个数
 0050  0014 [				ARRAY2 DW 20 DUP (?) ;存放负数
        0000
       ]
 0078 0D 0A 54 68 65 20			ZHEN DB 0DH, 0AH, 'The positive number is：', '$' ;正数的个数是：
       70 6F 73 69 74 69
       76 65 20 6E 75 6D
       62 65 72 20 69 73
       A3 BA 24
 0093 0D 0A 54 68 65 20			FU DB 0DH, 0AH, 'The negative number is：', '$' ;负数的个数是：
       6E 65 67 61 74 69
       76 65 20 6E 75 6D
       62 65 72 20 69 73
       A3 BA 24
 00AE 0D 0A 24				CRLF DB 0DH, 0AH, '$'
 00B1				DATAS ENDS

 0000				CODE SEGMENT
					ASSUME CS: CODE, DS: DATAS
 0000				START:
 0000  B8 ---- R			MOV AX,DATAS
 0003  8E D8				MOV DS, AX ;给DS赋值
					
 0005				BEGIN: 
 0005  B9 0014				MOV CX, COUNT
 0008  8D 1E 0000 R			LEA BX, ARRAY
 000C  8D 36 0027 R			LEA SI, ARRAY1
 0010  8D 3E 0050 R			LEA DI, ARRAY2
 0014				BEGIN1: 
 0014  8B 07				MOV AX, [BX]
 0016  83 F8 00				CMP AX, 0 ;是负数码？
 0019  78 0B				JS FUSHU
 001B  89 04				MOV [SI], AX ;是正数，存入正数数组
 001D  FE 06 0026 R			INC COUNT1 ;正数个数+1
 0021  83 C6 02				ADD SI, 2
 0024  EB 09				JMP SHORT NEXT
 0026				FUSHU:
 0026  89 05				MOV [DI], AX ;是负数，存入负数数组
 0028  FE 06 004F R			INC COUNT2 ;负数个数+1
 002C  83 C7 02				ADD DI, 2
 002F				NEXT:
 002F  83 C3 02				ADD BX, 2
 0032  E2 E0				LOOP BEGIN1
					
 0034  8D 16 0078 R			LEA DX, ZHEN ;显示正数个数
 0038  A0 0026 R			MOV AL, COUNT1
 003B  E8 000E				CALL DISPLAY ;调显示子程序
 003E  8D 16 0093 R			LEA DX, FU ;显示负数个数
 0042  A0 004F R			MOV AL, COUNT2
 0045  E8 0004				CALL DISPLAY ;调显示子程序
					;结束
 0048  B4 4C				MOV AH,4CH
 004A  CD 21			    INT 21H
					

					
 004C				DISPLAY PROC NEAR ;显示子程序
 004C  B4 09				MOV AH, 9 ;显示一个字符串的DOS调用
 004E  CD 21				INT 21H
 0050  D4 0A				AAM ;将(AL)中的二进制数转换为二个非压缩BCD码
 0052  80 C4 30				ADD AH, '0' ;变为0～9的ASCII码
 0055  8A D4				MOV DL, AH
 0057  B4 02				MOV AH, 2 ;显示一个字符的DOS调用
 0059  CD 21				INT 21H
 005B  04 30				ADD AL, '0' ;变为0～9的ASCII码
 005D  8A D0				MOV DL, AL
 005F  B4 02				MOV AH, 2 ;显示一个字符的DOS调用
 0061  CD 21				INT 21H
 0063  8D 16 00AE R			LEA DX, CRLF ;显示回车换行
 0067  B4 09				MOV AH, 9 ;显示一个字符串的DOS调用
 0069  CD 21				INT 21H
 006B  C3				RET
 006C				DISPLAY ENDP ;显示子程序结束
 006C				CODE ENDS ;以上定义代码段
				END START





Microsoft (R) Macro Assembler Version 6.11		    10/31/22 11:01:19
tempfile.asm						     Symbols 2 - 1




Segments and Groups:

                N a m e                 Size     Length   Align   Combine Class

CODE . . . . . . . . . . . . . .	16 Bit	 006C	  Para	  Private 
DATAS  . . . . . . . . . . . . .	16 Bit	 00B1	  Para	  Private 


Procedures,  parameters and locals:

                N a m e                 Type     Value    Attr

DISPLAY  . . . . . . . . . . . .	P Near	 004C	  CODE	Length= 0020 Public


Symbols:

                N a m e                 Type     Value    Attr

ARRAY1 . . . . . . . . . . . . .	Word	 0027	  DATAS	
ARRAY2 . . . . . . . . . . . . .	Word	 0050	  DATAS	
ARRAY  . . . . . . . . . . . . .	Word	 0000	  DATAS	
BEGIN1 . . . . . . . . . . . . .	L Near	 0014	  CODE	
BEGIN  . . . . . . . . . . . . .	L Near	 0005	  CODE	
COUNT1 . . . . . . . . . . . . .	Byte	 0026	  DATAS	
COUNT2 . . . . . . . . . . . . .	Byte	 004F	  DATAS	
COUNT  . . . . . . . . . . . . .	Number	 0014h	 
CRLF . . . . . . . . . . . . . .	Byte	 00AE	  DATAS	
FUSHU  . . . . . . . . . . . . .	L Near	 0026	  CODE	
FU . . . . . . . . . . . . . . .	Byte	 0093	  DATAS	
NEXT . . . . . . . . . . . . . .	L Near	 002F	  CODE	
START  . . . . . . . . . . . . .	L Near	 0000	  CODE	
ZHEN . . . . . . . . . . . . . .	Byte	 0078	  DATAS	

	   0 Warnings
	   0 Errors
