Microsoft (R) Macro Assembler Version 6.11		    10/31/22 11:21:01
tempfile.asm						     Page 1 - 1


 0000				data segment
 0000 D43A				array dw 5432A
 0002  0005 [				dbcd db 5 dup(?)
        00
       ]
 0007				data ends
 0000				code segment
				assume cs:code,ds:data;
 0000				start:
 0000  B8 ---- R			mov ax,data
 0003  8E D8				mov ds,ax
 0005  8B 16 0000 R			mov dx,array
 0009  BB 2710				mov bx,10000;除数
 000C  B9 000A				mov cx,10;除数的除数
 000F  BE 0005				mov si,5;取余次数
 0012				again:    
 0012  8B C2				mov ax,dx
 0014  BA 0000				mov dx,0
 0017  F7 F3				div bx
 0019  88 84 0002 R			mov dbcd[si],al
 001D  52				push dx
 001E  8B C3				mov ax,bx
 0020  BA 0000				mov dx,0
 0023  F7 F1				div cx
 0025  8B D8				mov bx,ax
 0027  5A				pop dx
 0028  4E				dec si
 0029  75 E7				jnz again
 002B  E8 0004				call disp
 002E  B4 4C				mov ah,4ch
 0030  CD 21				int 21h
 0032				disp proc;输出结果
 0032  56				push si
 0033  BE 0005				mov si,5
 0036				play:    
 0036  8A 94 0002 R			mov dl,dbcd[si]
 003A  80 C2 30				add dl,30h
 003D  B4 02				mov ah,02h
 003F  CD 21				int 21h
 0041  4E				dec si
 0042  75 F2				jnz play
 0044  5E				pop si
 0045  C3				ret        
 0046				disp endp
 0046				code ends
				end start

Microsoft (R) Macro Assembler Version 6.11		    10/31/22 11:21:01
tempfile.asm						     Symbols 2 - 1




Segments and Groups:

                N a m e                 Size     Length   Align   Combine Class

code . . . . . . . . . . . . . .	16 Bit	 0046	  Para	  Private 
data . . . . . . . . . . . . . .	16 Bit	 0007	  Para	  Private 


Procedures,  parameters and locals:

                N a m e                 Type     Value    Attr

disp . . . . . . . . . . . . . .	P Near	 0032	  code	Length= 0014 Public
  play . . . . . . . . . . . . .	L Near	 0036	  code	


Symbols:

                N a m e                 Type     Value    Attr

again  . . . . . . . . . . . . .	L Near	 0012	  code	
array  . . . . . . . . . . . . .	Word	 0000	  data	
dbcd . . . . . . . . . . . . . .	Byte	 0002	  data	
start  . . . . . . . . . . . . .	L Near	 0000	  code	

	   0 Warnings
	   0 Errors
